2025-04-25 15:05:42,452 [INFO] start main
2025-04-25 15:05:42,455 [INFO] >>> Start script: Kansas
2025-04-25 15:05:46,463 [INFO] Page saved as /home/data/kansas/005136.pdf
2025-04-25 15:05:52,505 [INFO] Page saved as /home/data/kansas/005109.pdf
2025-04-25 15:05:55,522 [INFO] Page saved as /home/data/kansas/005118.pdf
2025-04-25 15:05:58,686 [INFO] Page saved as /home/data/kansas/005059.pdf
2025-04-25 15:06:00,839 [INFO] Page saved as /home/data/kansas/005089.pdf
/home/SynapseIQ/src/connectors/Kansas_requests.py:508: FutureWarning: DataFrame.applymap has been deprecated. Use DataFrame.map instead.
  max_len = df[cols_to_explode].applymap(len).max(axis=1)
2025-04-25 15:06:00,850 [WARNING] [518] dataframe correct
2025-04-25 15:06:00,860 [INFO] Start insert into DB: Kansas
2025-04-25 15:06:00,879 [INFO] [214] Data inserted successfully!: Kansas
2025-04-25 15:06:00,882 [INFO] [531] File csv loaded!: /home/data/kansas/Data_Crashes_Kansas_24H_20250423.csv
2025-04-25 15:06:00,882 [INFO] Finish script: kansas -----|
2025-04-25 15:10:42,453 [INFO] >>> Start script: WinstonSalem
2025-04-25 15:10:42,453 [INFO] 2025-04-23 15:10:42.453380
2025-04-25 15:10:43,105 [INFO] pages total:1
2025-04-25 15:10:43,106 [INFO] running page0
2025-04-25 15:10:43,298 [INFO] List Driver: ['TONEY; HARTSFIELD', 'HOANG', 'UNKNOWN; UNKNOWN', 'UNKNOWN; GOLDENPOOLE', 'LANE; MCCANTS', 'MORALESRAMIREZ; MCCOY', 'UNKNOWN; UNKNOWN', 'ARRINGTON; DUNN', 'HERNANDEZ; BLISS; FUNKHOUSER', 'VENEZIANO; JANG; MAXFIELD', 'UNKNOWN; HUNT; STARLING', 'PAINO; MEJIA', 'LINDELL']
/home/SynapseIQ/src/connectors/WSP_requests.py:665: FutureWarning: DataFrame.applymap has been deprecated. Use DataFrame.map instead.
  max_len = df[cols_to_explode].applymap(len).max(axis=1)
2025-04-25 15:11:21,955 [INFO] Data successfully inserted: WinstonSalem
2025-04-25 15:11:21,955 [INFO] === DataFrame General Info ===
2025-04-25 15:11:21,955 [INFO] Shape (rows, columns): (24, 12)
2025-04-25 15:11:21,956 [INFO] Number of records (rows): 24
2025-04-25 15:11:21,956 [INFO] Number of columns: 12
2025-04-25 15:11:21,956 [INFO] === --- ===
2025-04-25 15:11:21,956 [INFO] Column names: ['REPORT', 'DATE', 'Driver', 'STREET', 'URL', 'Insurance', 'VIN', 'Policy', 'City', 'State', 'Date of Birth', 'Age']
2025-04-25 15:11:21,958 [INFO] File saved!: Winston Salem csv
2025-04-25 15:11:21,959 [INFO] Finish script: WinstonSalem -----|
2025-04-25 15:15:42,453 [INFO] >>> Start script: Minnesota
/home/SynapseIQ/env/lib/python3.11/site-packages/urllib3/connectionpool.py:1097: InsecureRequestWarning: Unverified HTTPS request is being made to host 'pr.oxylabs.io'. Adding certificate verification is strongly advised. See: https://urllib3.readthedocs.io/en/latest/advanced-usage.html#tls-warnings
  warnings.warn(
2025-04-25 15:15:45,436 [INFO] saved pdf with weasyprint /home/data/minnesota/ms25320525.pdf
2025-04-25 15:15:46,997 [INFO] saved pdf with weasyprint /home/data/minnesota/ms25101612.pdf
2025-04-25 15:15:49,707 [INFO] saved pdf with weasyprint /home/data/minnesota/ms25200676.pdf
2025-04-25 15:15:52,268 [INFO] saved pdf with weasyprint /home/data/minnesota/ms25200674.pdf
2025-04-25 15:15:53,835 [INFO] saved pdf with weasyprint /home/data/minnesota/ms25200675.pdf
2025-04-25 15:15:55,310 [INFO] saved pdf with weasyprint /home/data/minnesota/ms25800595.pdf
2025-04-25 15:15:56,851 [INFO] saved pdf with weasyprint /home/data/minnesota/ms25300597.pdf
2025-04-25 15:16:00,448 [INFO] saved pdf with weasyprint /home/data/minnesota/ms25200671.pdf
2025-04-25 15:16:00,449 [INFO] === DataFrame General Info ===
2025-04-25 15:16:00,449 [INFO] Shape (rows, columns): (19, 12)
2025-04-25 15:16:00,449 [INFO] Number of records (rows): 19
2025-04-25 15:16:00,450 [INFO] Number of columns: 12
2025-04-25 15:16:00,450 [INFO] === --- ===
2025-04-25 15:16:00,450 [INFO] Column names: ['ID', 'Date', 'Type', 'ICR', 'Case Number', 'Media Contact', 'Location', 'Description', 'Driver', 'Age', 'City', 'URL']
2025-04-25 15:16:00,493 [INFO] Data inserted successfully!: Minnesota
2025-04-25 15:16:00,496 [INFO] Finish script: Minnesota -----|
2025-04-25 15:20:42,453 [INFO] >>> Start script: Texas
2025-04-25 15:20:42,453 [INFO]  scraping execute...
2025-04-25 15:21:02,892 [INFO] processed CSV 
2025-04-25 15:21:02,912 [INFO] Loaded recent CSV: texascrashes_04_21_2025_to_04_24_2025.csv
2025-04-25 15:21:08,324 [INFO] Datos insertados exitosamente into DB.
2025-04-25 15:21:08,333 [INFO] Start insert into DB
2025-04-25 15:21:15,530 [INFO] Data inserted successfully in temporal DB.
2025-04-25 15:21:15,531 [INFO] Saved to: /home/data/texas/processed/texasprocessed_crashes_04_21_2025_to_04_24_2025.csv
2025-04-25 15:21:15,532 [INFO] Finish script: Texas -----|
2025-04-25 16:06:36,339 [INFO] start main
2025-04-25 16:06:36,343 [INFO] >>> Start script: Kansas
2025-04-25 16:06:40,385 [INFO] Page saved as /home/data/kansas/005136.pdf
2025-04-25 16:06:43,747 [INFO] Page saved as /home/data/kansas/005109.pdf
2025-04-25 16:06:46,816 [INFO] Page saved as /home/data/kansas/005118.pdf
2025-04-25 16:06:51,372 [INFO] Page saved as /home/data/kansas/005059.pdf
2025-04-25 16:06:53,534 [INFO] Page saved as /home/data/kansas/005089.pdf
/home/SynapseIQ/src/connectors/Kansas_requests.py:508: FutureWarning: DataFrame.applymap has been deprecated. Use DataFrame.map instead.
  max_len = df[cols_to_explode].applymap(len).max(axis=1)
2025-04-25 16:06:53,546 [WARNING] [518] dataframe correct
2025-04-25 16:06:53,556 [INFO] Start insert into DB: Kansas
2025-04-25 16:06:53,585 [INFO] [214] Data inserted successfully!: Kansas
2025-04-25 16:06:53,588 [INFO] [531] File csv loaded!: /home/data/kansas/Data_Crashes_Kansas_24H_20250423.csv
2025-04-25 16:06:53,589 [INFO] Finish script: kansas -----|
2025-04-25 16:11:36,340 [INFO] >>> Start script: WinstonSalem
2025-04-25 16:11:36,340 [INFO] 2025-04-23 16:11:36.340774
2025-04-25 16:11:36,995 [INFO] pages total:1
2025-04-25 16:11:36,995 [INFO] running page0
2025-04-25 16:11:37,190 [INFO] List Driver: ['TONEY; HARTSFIELD', 'HOANG', 'UNKNOWN; UNKNOWN', 'UNKNOWN; GOLDENPOOLE', 'LANE; MCCANTS', 'MORALESRAMIREZ; MCCOY', 'UNKNOWN; UNKNOWN', 'ARRINGTON; DUNN', 'HERNANDEZ; BLISS; FUNKHOUSER', 'VENEZIANO; JANG; MAXFIELD', 'UNKNOWN; HUNT; STARLING', 'PAINO; MEJIA', 'LINDELL']
/home/SynapseIQ/src/connectors/WSP_requests.py:665: FutureWarning: DataFrame.applymap has been deprecated. Use DataFrame.map instead.
  max_len = df[cols_to_explode].applymap(len).max(axis=1)
2025-04-25 16:12:18,758 [INFO] Data successfully inserted: WinstonSalem
2025-04-25 16:12:18,758 [INFO] === DataFrame General Info ===
2025-04-25 16:12:18,759 [INFO] Shape (rows, columns): (24, 12)
2025-04-25 16:12:18,759 [INFO] Number of records (rows): 24
2025-04-25 16:12:18,759 [INFO] Number of columns: 12
2025-04-25 16:12:18,760 [INFO] === --- ===
2025-04-25 16:12:18,760 [INFO] Column names: ['REPORT', 'DATE', 'Driver', 'STREET', 'URL', 'Insurance', 'VIN', 'Policy', 'City', 'State', 'Date of Birth', 'Age']
2025-04-25 16:12:18,762 [INFO] File saved!: Winston Salem csv
2025-04-25 16:12:18,762 [INFO] Finish script: WinstonSalem -----|
