Starting up http-server, serving ./

http-server version: 14.1.1

http-server settings: 
CORS: output.log
Cache: 3600 seconds
Connection Timeout: 120 seconds
Directory Listings: visible
AutoIndex: visible
Serve GZIP Files: false
Serve Brotli Files: false
Default File Extension: none

Available on:
  http://127.0.0.1:3000
  http://10.240.64.7:3000
Hit CTRL-C to stop the server

Starting up http-server, serving ./

http-server version: 14.1.1

http-server settings: 
CORS: output.log
Cache: 3600 seconds
Connection Timeout: 120 seconds
Directory Listings: visible
AutoIndex: visible
Serve GZIP Files: false
Serve Brotli Files: false
Default File Extension: none

Available on:
  http://127.0.0.1:3000
  http://10.240.64.7:3000
Hit CTRL-C to stop the server

